=~=~=~=~=~=~=~=~=~=~=~= PuTTY log 2020.10.03 22:45:29 =~=~=~=~=~=~=~=~=~=~=~=
login as: pdong
Pre-authentication banner message from server:
| Access to Brooklyn College computers is restricted to authorized users
|         and approved educational and research purposes, only.
End of banner message from server
pdong@146.245.252.28's password:
Last login: Sat Oct  3 22:42:28 2020 from cpe-104-162-73-94.nyc.res.rr.com
l[pdong@sol28 ~]$ ls
lab6
[pdong@sol28 ~]$ cd lab6
[pdong@sol28 lab6]$ ls
Repo1
[pdong@sol28 lab6]$ cd Repo1
[pdong@sol28 Repo1]$ ls
[pdong@sol28 Repo1]$ wget https://raw.githubusercontent.com/d28601581/Repo1/main/HelloWorld.java HelloWorld.java
--2020-10-03 22:46:09--  https://raw.githubusercontent.com/d28601581/Repo1/main/HelloWorld.java
Resolving raw.githubusercontent.com (raw.githubusercontent.com)... 199.232.36.133
Connecting to raw.githubusercontent.com (raw.githubusercontent.com)|199.232.36.133|:443... connected.
HTTP request sent, awaiting response... 200 OK
Length: 125 [text/plain]
Saving to: ‘HelloWorld.java’

100%[======================================>] 125         --.-K/s   in 0s

2020-10-03 22:46:15 (5.67 MB/s) - ‘HelloWorld.java’ saved [125/125]

--2020-10-03 22:46:15--  http://helloworld.java/
Resolving helloworld.java (helloworld.java)... failed: Name or service not known.
wget: unable to resolve host address ‘helloworld.java’
FINISHED --2020-10-03 22:46:15--
Total wall clock time: 6.1s
Downloaded: 1 files, 125 in 0s (5.67 MB/s)
[pdong@sol28 Repo1]$ java HelloWorld.java
Error: Could not find or load main class HelloWorld.java
[pdong@sol28 Repo1]$ java HelloWorld
Error: Could not find or load main class HelloWorld
[pdong@sol28 Repo1]$ ls
HelloWorld.java
[pdong@sol28 Repo1]$ javac HelloWorld.java
[pdong@sol28 Repo1]$ java HelloWorld
Hello, World
[pdong@sol28 Repo1]$ nano
[pdong@sol28 Repo1]$ nano HelloWorld.java
[pdong@sol28 Repo1]$ javac HelloWorld.java
[pdong@sol28 Repo1]$ java HelloWorld
Hello, World
Today is Saturday
[pdong@sol28 Repo1]$ git clone https://github.com/d28601581/RepoMeta.git
Cloning into 'RepoMeta'...
remote: Enumerating objects: 3, done.
remote: Counting objects: 100% (3/3), done.
remote: Total 3 (delta 0), reused 3 (delta 0), pack-reused 0
Unpacking objects: 100% (3/3), done.
[pdong@sol28 Repo1]$ ls
HelloWorld.class  HelloWorld.java  RepoMeta
[pdong@sol28 Repo1]$ git add --all
warning: The behavior of 'git add --all (or -A)' with no path argument from a
subdirectory of the tree will change in Git 2.0 and should not be used anymore.
To add content for the whole tree, run:

  git add --all :/
  (or git add -A :/)

To restrict the command to the current directory, run:

  git add --all .
  (or git add -A .)

With the current Git version, the command is restricted to the current directory.

[pdong@sol28 Repo1]$ git add -all .
error: did you mean `--all` (with two dashes ?)
[pdong@sol28 Repo1]$ git add --all .
[pdong@sol28 Repo1]$ git status
# On branch main
# Changes to be committed:
#   (use "git reset HEAD <file>..." to unstage)
#
#       new file:   HelloWorld.class
#       new file:   HelloWorld.java
#       new file:   RepoMeta
#
# Changes not staged for commit:
#   (use "git add/rm <file>..." to update what will be committed)
#   (use "git checkout -- <file>..." to discard changes in working directory)
#
#       deleted:    ../README.md
#
[pdong@sol28 Repo1]$ git commit -m "adding HelloWorld to RepoMeta"
[main ff729a1] adding HelloWorld to RepoMeta
 3 files changed, 9 insertions(+)
 create mode 100644 Repo1/HelloWorld.class
 create mode 100644 Repo1/HelloWorld.java
 create mode 160000 Repo1/RepoMeta
[pdong@sol28 Repo1]$ git push -u origin master
Username for 'https://github.com': dongpeng101@gmail.com
Password for 'https://dongpeng101@gmail.com@github.com':
error: src refspec master does not match any.
error: failed to push some refs to 'https://github.com/d28601581/RepoMeta.git'
[pdong@sol28 Repo1]$ git remote add origin https://github.com/d28601581/RepoMeta.git
fatal: remote origin already exists.
[pdong@sol28 Repo1]$ git push origin master
Username for 'https://github.com': dongpeng101@gmail.com
Password for 'https://dongpeng101@gmail.com@github.com':
error: src refspec master does not match any.
error: failed to push some refs to 'https://github.com/d28601581/RepoMeta.git'
[pdong@sol28 Repo1]$ git remote -v
origin  https://github.com/d28601581/RepoMeta.git (fetch)
origin  https://github.com/d28601581/RepoMeta.git (push)
[pdong@sol28 Repo1]$ ls
HelloWorld.class  HelloWorld.java  RepoMeta
[pdong@sol28 Repo1]$ cd RepoMeta
[pdong@sol28 RepoMeta]$ ls
README.md
[pdong@sol28 RepoMeta]$ ^C
[pdong@sol28 RepoMeta]$ cd ..
[pdong@sol28 Repo1]$ git add .
[pdong@sol28 Repo1]$ git push -u origin master
Username for 'https://github.com': dongpeng101@gmail.com
Password for 'https://dongpeng101@gmail.com@github.com':
error: src refspec master does not match any.
error: failed to push some refs to 'https://github.com/d28601581/RepoMeta.git'
[pdong@sol28 Repo1]$ git commit -m "initial commit"
# On branch main
# Your branch is ahead of 'origin/main' by 1 commit.
#   (use "git push" to publish your local commits)
#
# Changes not staged for commit:
#   (use "git add/rm <file>..." to update what will be committed)
#   (use "git checkout -- <file>..." to discard changes in working directory)
#
#       deleted:    ../README.md
#
no changes added to commit (use "git add" and/or "git commit -a")
[pdong@sol28 Repo1]$ git push origin master
Username for 'https://github.com': dongpeng101@gmail.com
Password for 'https://dongpeng101@gmail.com@github.com':
error: src refspec master does not match any.
error: failed to push some refs to 'https://github.com/d28601581/RepoMeta.git'
[pdong@sol28 Repo1]$ ls
HelloWorld.class  HelloWorld.java  RepoMeta
[pdong@sol28 Repo1]$ git add HelloWorld.java
[pdong@sol28 Repo1]$ git status
# On branch main
# Your branch is ahead of 'origin/main' by 1 commit.
#   (use "git push" to publish your local commits)
#
# Changes not staged for commit:
#   (use "git add/rm <file>..." to update what will be committed)
#   (use "git checkout -- <file>..." to discard changes in working directory)
#
#       deleted:    ../README.md
#
no changes added to commit (use "git add" and/or "git commit -a")
[pdong@sol28 Repo1]$ git init
Initialized empty Git repository in /users1/st/pdong/lab6/Repo1/.git/
[pdong@sol28 Repo1]$ git add HelloWorld.java
[pdong@sol28 Repo1]$ git commit -m "Initial comment"
[master (root-commit) 9a22108] Initial comment
 1 file changed, 8 insertions(+)
 create mode 100644 HelloWorld.java
[pdong@sol28 Repo1]$ git push origin master
fatal: 'origin' does not appear to be a git repository
fatal: Could not read from remote repository.

Please make sure you have the correct access rights
and the repository exists.
[pdong@sol28 Repo1]$ git remote add error: src refspec master does not match any.
usage: git remote add [<options>] <name> <url>

    -f, --fetch           fetch the remote branches
    --tags                import all tags and associated objects when fetching
                          or do not fetch any tag at all (--no-tags)
    -t, --track <branch>  branch(es) to track
    -m, --master <branch>
                          master branch
    --mirror[=<push|fetch>]
                          set up remote as a mirror to push to or fetch from

[pdong@sol28 Repo1]$ git remote add https://github.com/d28601581/RepoMeta.git
usage: git remote add [<options>] <name> <url>

    -f, --fetch           fetch the remote branches
    --tags                import all tags and associated objects when fetching
                          or do not fetch any tag at all (--no-tags)
    -t, --track <branch>  branch(es) to track
    -m, --master <branch>
                          master branch
    --mirror[=<push|fetch>]
                          set up remote as a mirror to push to or fetch from

[pdong@sol28 Repo1]$ git remote add origin https://github.com/d28601581/RepoMeta.git
[pdong@sol28 Repo1]$ git remote -v
origin  https://github.com/d28601581/RepoMeta.git (fetch)
origin  https://github.com/d28601581/RepoMeta.git (push)
[pdong@sol28 Repo1]$ git push origin master
Username for 'https://github.com': dongpeng101@gmail.com
Password for 'https://dongpeng101@gmail.com@github.com':
Counting objects: 3, done.
Delta compression using up to 8 threads.
Compressing objects: 100% (2/2), done.
Writing objects: 100% (3/3), 342 bytes | 0 bytes/s, done.
Total 3 (delta 0), reused 0 (delta 0)
remote:
remote: Create a pull request for 'master' on GitHub by visiting:
remote:      https://github.com/d28601581/RepoMeta/pull/new/master
remote:
To https://github.com/d28601581/RepoMeta.git
 * [new branch]      master -> master
[pdong@sol28 Repo1]$ ls
HelloWorld.class  HelloWorld.java  RepoMeta
[pdong@sol28 Repo1]$ git add HelloWorld.java
[pdong@sol28 Repo1]$ git commit -m "add existing file"
# On branch master
# Untracked files:
#   (use "git add <file>..." to include in what will be committed)
#
#       HelloWorld.class
#       RepoMeta/
nothing added to commit but untracked files present (use "git add" to track)
[pdong@sol28 Repo1]$ git push origin master
Username for 'https://github.com': dongpeng101@gmail.com
Password for 'https://dongpeng101@gmail.com@github.com':
Everything up-to-date
[pdong@sol28 Repo1]$ 
